CUFF.1.1	transdecoder	gene	1	503	.	+	.	ID=GENE.CUFF.1.1~~CUFF.1.1.p1;Name="ORF type:5prime_partial len:122 (+),score=38.72,MAOX_SCHPO|98.15|7e-72,malic|PF00390.18|3e-20"
CUFF.1.1	transdecoder	mRNA	1	503	.	+	.	ID=CUFF.1.1.p1;Parent=GENE.CUFF.1.1~~CUFF.1.1.p1;Name="ORF type:5prime_partial len:122 (+),score=38.72,MAOX_SCHPO|98.15|7e-72,malic|PF00390.18|3e-20"
CUFF.1.1	transdecoder	exon	1	503	.	+	.	ID=CUFF.1.1.p1.exon1;Parent=CUFF.1.1.p1
CUFF.1.1	transdecoder	CDS	3	368	.	+	0	ID=cds.CUFF.1.1.p1;Parent=CUFF.1.1.p1
CUFF.1.1	transdecoder	three_prime_UTR	369	503	.	+	.	ID=CUFF.1.1.p1.utr3p1;Parent=CUFF.1.1.p1

CUFF.11.1	transdecoder	gene	1	938	.	+	.	ID=GENE.CUFF.11.1~~CUFF.11.1.p1;Name="ORF type:5prime_partial len:294 (+),score=97.23,YI48_SCHPO|100.00|0.0,GLEYA|PF10528.8|1.1e+02,GLEYA|PF10528.8|3.6e-20,Orthopox_A5L|PF06193.10|0.0099"
CUFF.11.1	transdecoder	mRNA	1	938	.	+	.	ID=CUFF.11.1.p1;Parent=GENE.CUFF.11.1~~CUFF.11.1.p1;Name="ORF type:5prime_partial len:294 (+),score=97.23,YI48_SCHPO|100.00|0.0,GLEYA|PF10528.8|1.1e+02,GLEYA|PF10528.8|3.6e-20,Orthopox_A5L|PF06193.10|0.0099"
CUFF.11.1	transdecoder	exon	1	938	.	+	.	ID=CUFF.11.1.p1.exon1;Parent=CUFF.11.1.p1
CUFF.11.1	transdecoder	CDS	3	884	.	+	0	ID=cds.CUFF.11.1.p1;Parent=CUFF.11.1.p1
CUFF.11.1	transdecoder	three_prime_UTR	885	938	.	+	.	ID=CUFF.11.1.p1.utr3p1;Parent=CUFF.11.1.p1

CUFF.12.1	transdecoder	gene	1	2733	.	+	.	ID=GENE.CUFF.12.1~~CUFF.12.1.p1;Name="ORF type:complete len:674 (+),score=213.14,PLB7_SCHPO|100.00|0.0,PLA2_B|PF01735.17|5.2e-206,IBR|PF01485.20|0.0015"
CUFF.12.1	transdecoder	mRNA	1	2733	.	+	.	ID=CUFF.12.1.p1;Parent=GENE.CUFF.12.1~~CUFF.12.1.p1;Name="ORF type:complete len:674 (+),score=213.14,PLB7_SCHPO|100.00|0.0,PLA2_B|PF01735.17|5.2e-206,IBR|PF01485.20|0.0015"
CUFF.12.1	transdecoder	five_prime_UTR	1	227	.	+	.	ID=CUFF.12.1.p1.utr5p1;Parent=CUFF.12.1.p1
CUFF.12.1	transdecoder	exon	1	2733	.	+	.	ID=CUFF.12.1.p1.exon1;Parent=CUFF.12.1.p1
CUFF.12.1	transdecoder	CDS	228	2249	.	+	0	ID=cds.CUFF.12.1.p1;Parent=CUFF.12.1.p1
CUFF.12.1	transdecoder	three_prime_UTR	2250	2733	.	+	.	ID=CUFF.12.1.p1.utr3p1;Parent=CUFF.12.1.p1

CUFF.13.1	transdecoder	gene	1	1770	.	+	.	ID=GENE.CUFF.13.1~~CUFF.13.1.p2;Name="ORF type:3prime_partial len:120 (+),score=34.75,NAH_SCHPO|100.00|2e-80,Na_H_Exchanger|PF00999.20|5.1e-27"
CUFF.13.1	transdecoder	mRNA	1	1770	.	+	.	ID=CUFF.13.1.p2;Parent=GENE.CUFF.13.1~~CUFF.13.1.p2;Name="ORF type:3prime_partial len:120 (+),score=34.75,NAH_SCHPO|100.00|2e-80,Na_H_Exchanger|PF00999.20|5.1e-27"
CUFF.13.1	transdecoder	five_prime_UTR	1	1413	.	+	.	ID=CUFF.13.1.p2.utr5p1;Parent=CUFF.13.1.p2
CUFF.13.1	transdecoder	exon	1	1770	.	+	.	ID=CUFF.13.1.p2.exon1;Parent=CUFF.13.1.p2
CUFF.13.1	transdecoder	CDS	1414	1770	.	+	0	ID=cds.CUFF.13.1.p2;Parent=CUFF.13.1.p2

CUFF.13.2	transdecoder	gene	1	875	.	+	.	ID=GENE.CUFF.13.2~~CUFF.13.2.p1;Name="ORF type:internal len:292 (+),score=76.96,NAH_SCHPO|100.00|9e-162,Na_H_Exchanger|PF00999.20|1.6e-42,PsbN|PF02468.14|0.00093"
CUFF.13.2	transdecoder	mRNA	1	875	.	+	.	ID=CUFF.13.2.p1;Parent=GENE.CUFF.13.2~~CUFF.13.2.p1;Name="ORF type:internal len:292 (+),score=76.96,NAH_SCHPO|100.00|9e-162,Na_H_Exchanger|PF00999.20|1.6e-42,PsbN|PF02468.14|0.00093"
CUFF.13.2	transdecoder	exon	1	875	.	+	.	ID=CUFF.13.2.p1.exon1;Parent=CUFF.13.2.p1
CUFF.13.2	transdecoder	CDS	3	875	.	+	0	ID=cds.CUFF.13.2.p1;Parent=CUFF.13.2.p1

CUFF.13.3	transdecoder	gene	1	822	.	+	.	ID=GENE.CUFF.13.3~~CUFF.13.3.p1;Name="ORF type:5prime_partial len:194 (+),score=45.87,NAH_SCHPO|92.06|6e-79,Na_H_Exchanger|PF00999.20|1.4e-15,PsbN|PF02468.14|0.00053"
CUFF.13.3	transdecoder	mRNA	1	822	.	+	.	ID=CUFF.13.3.p1;Parent=GENE.CUFF.13.3~~CUFF.13.3.p1;Name="ORF type:5prime_partial len:194 (+),score=45.87,NAH_SCHPO|92.06|6e-79,Na_H_Exchanger|PF00999.20|1.4e-15,PsbN|PF02468.14|0.00053"
CUFF.13.3	transdecoder	exon	1	822	.	+	.	ID=CUFF.13.3.p1.exon1;Parent=CUFF.13.3.p1
CUFF.13.3	transdecoder	CDS	3	584	.	+	0	ID=cds.CUFF.13.3.p1;Parent=CUFF.13.3.p1
CUFF.13.3	transdecoder	three_prime_UTR	585	822	.	+	.	ID=CUFF.13.3.p1.utr3p1;Parent=CUFF.13.3.p1

CUFF.14.1	transdecoder	gene	1	1275	.	+	.	ID=GENE.CUFF.14.1~~CUFF.14.1.p1;Name="ORF type:complete len:312 (+),score=104.06,FEX2_SCHPO|100.00|0.0,CRCB|PF02537.14|1.5e-17,CRCB|PF02537.14|39,CRCB|PF02537.14|5.9e-18,DUF2157|PF09925.8|6.4,DUF2157|PF09925.8|0.0036"
CUFF.14.1	transdecoder	mRNA	1	1275	.	+	.	ID=CUFF.14.1.p1;Parent=GENE.CUFF.14.1~~CUFF.14.1.p1;Name="ORF type:complete len:312 (+),score=104.06,FEX2_SCHPO|100.00|0.0,CRCB|PF02537.14|1.5e-17,CRCB|PF02537.14|39,CRCB|PF02537.14|5.9e-18,DUF2157|PF09925.8|6.4,DUF2157|PF09925.8|0.0036"
CUFF.14.1	transdecoder	five_prime_UTR	1	320	.	+	.	ID=CUFF.14.1.p1.utr5p1;Parent=CUFF.14.1.p1
CUFF.14.1	transdecoder	exon	1	1275	.	+	.	ID=CUFF.14.1.p1.exon1;Parent=CUFF.14.1.p1
CUFF.14.1	transdecoder	CDS	321	1256	.	+	0	ID=cds.CUFF.14.1.p1;Parent=CUFF.14.1.p1
CUFF.14.1	transdecoder	three_prime_UTR	1257	1275	.	+	.	ID=CUFF.14.1.p1.utr3p1;Parent=CUFF.14.1.p1

CUFF.15.1	transdecoder	gene	1	1449	.	+	.	ID=GENE.CUFF.15.1~~CUFF.15.1.p1;Name="ORF type:5prime_partial len:367 (+),score=107.03,ASPG2_SCHPO|100.00|0.0,Asparaginase|PF00710.19|3.6e-54"
CUFF.15.1	transdecoder	mRNA	1	1449	.	+	.	ID=CUFF.15.1.p1;Parent=GENE.CUFF.15.1~~CUFF.15.1.p1;Name="ORF type:5prime_partial len:367 (+),score=107.03,ASPG2_SCHPO|100.00|0.0,Asparaginase|PF00710.19|3.6e-54"
CUFF.15.1	transdecoder	exon	1	1449	.	+	.	ID=CUFF.15.1.p1.exon1;Parent=CUFF.15.1.p1
CUFF.15.1	transdecoder	CDS	3	1103	.	+	0	ID=cds.CUFF.15.1.p1;Parent=CUFF.15.1.p1
CUFF.15.1	transdecoder	three_prime_UTR	1104	1449	.	+	.	ID=CUFF.15.1.p1.utr3p1;Parent=CUFF.15.1.p1

CUFF.16.1	transdecoder	gene	1	1374	.	+	.	ID=GENE.CUFF.16.1~~CUFF.16.1.p1;Name="ORF type:complete len:102 (+),score=28.32"
CUFF.16.1	transdecoder	mRNA	1	1374	.	+	.	ID=CUFF.16.1.p1;Parent=GENE.CUFF.16.1~~CUFF.16.1.p1;Name="ORF type:complete len:102 (+),score=28.32"
CUFF.16.1	transdecoder	five_prime_UTR	1	654	.	+	.	ID=CUFF.16.1.p1.utr5p1;Parent=CUFF.16.1.p1
CUFF.16.1	transdecoder	exon	1	1374	.	+	.	ID=CUFF.16.1.p1.exon1;Parent=CUFF.16.1.p1
CUFF.16.1	transdecoder	CDS	655	960	.	+	0	ID=cds.CUFF.16.1.p1;Parent=CUFF.16.1.p1
CUFF.16.1	transdecoder	three_prime_UTR	961	1374	.	+	.	ID=CUFF.16.1.p1.utr3p1;Parent=CUFF.16.1.p1

CUFF.17.1	transdecoder	gene	1	1368	.	+	.	ID=GENE.CUFF.17.1~~CUFF.17.1.p1;Name="ORF type:complete len:352 (+),score=96.09,YI7E_SCHPO|100.00|0.0,Aldo_ket_red|PF00248.20|5.7e-69,HTH_29|PF13551.5|0.13,HTH_29|PF13551.5|0.32,DsrD|PF08679.10|1.2e+02,DsrD|PF08679.10|0.0028,HTH_psq|PF05225.15|0.31,HTH_psq|PF05225.15|19,HTH_psq|PF05225.15|0.25"
CUFF.17.1	transdecoder	mRNA	1	1368	.	+	.	ID=CUFF.17.1.p1;Parent=GENE.CUFF.17.1~~CUFF.17.1.p1;Name="ORF type:complete len:352 (+),score=96.09,YI7E_SCHPO|100.00|0.0,Aldo_ket_red|PF00248.20|5.7e-69,HTH_29|PF13551.5|0.13,HTH_29|PF13551.5|0.32,DsrD|PF08679.10|1.2e+02,DsrD|PF08679.10|0.0028,HTH_psq|PF05225.15|0.31,HTH_psq|PF05225.15|19,HTH_psq|PF05225.15|0.25"
CUFF.17.1	transdecoder	five_prime_UTR	1	230	.	+	.	ID=CUFF.17.1.p1.utr5p1;Parent=CUFF.17.1.p1
CUFF.17.1	transdecoder	exon	1	1368	.	+	.	ID=CUFF.17.1.p1.exon1;Parent=CUFF.17.1.p1
CUFF.17.1	transdecoder	CDS	231	1286	.	+	0	ID=cds.CUFF.17.1.p1;Parent=CUFF.17.1.p1
CUFF.17.1	transdecoder	three_prime_UTR	1287	1368	.	+	.	ID=CUFF.17.1.p1.utr3p1;Parent=CUFF.17.1.p1

CUFF.18.1	transdecoder	gene	1	897	.	+	.	ID=GENE.CUFF.18.1~~CUFF.18.1.p1;Name="ORF type:5prime_partial len:257 (+),score=81.60,YI7F_SCHPO|100.00|0.0,DLH|PF01738.17|6e-11"
CUFF.18.1	transdecoder	mRNA	1	897	.	+	.	ID=CUFF.18.1.p1;Parent=GENE.CUFF.18.1~~CUFF.18.1.p1;Name="ORF type:5prime_partial len:257 (+),score=81.60,YI7F_SCHPO|100.00|0.0,DLH|PF01738.17|6e-11"
CUFF.18.1	transdecoder	exon	1	897	.	+	.	ID=CUFF.18.1.p1.exon1;Parent=CUFF.18.1.p1
CUFF.18.1	transdecoder	CDS	1	771	.	+	0	ID=cds.CUFF.18.1.p1;Parent=CUFF.18.1.p1
CUFF.18.1	transdecoder	three_prime_UTR	772	897	.	+	.	ID=CUFF.18.1.p1.utr3p1;Parent=CUFF.18.1.p1

CUFF.19.1	transdecoder	gene	1	2667	.	+	.	ID=GENE.CUFF.19.1~~CUFF.19.1.p1;Name="ORF type:complete len:648 (+),score=256.22,DAK2_SCHPO|100.00|0.0,Dak1|PF02733.16|7.6e-110,Dak2|PF02734.16|26,Dak2|PF02734.16|6.1e-45,Hpt|PF01627.22|0.0013"
CUFF.19.1	transdecoder	mRNA	1	2667	.	+	.	ID=CUFF.19.1.p1;Parent=GENE.CUFF.19.1~~CUFF.19.1.p1;Name="ORF type:complete len:648 (+),score=256.22,DAK2_SCHPO|100.00|0.0,Dak1|PF02733.16|7.6e-110,Dak2|PF02734.16|26,Dak2|PF02734.16|6.1e-45,Hpt|PF01627.22|0.0013"
CUFF.19.1	transdecoder	five_prime_UTR	1	523	.	+	.	ID=CUFF.19.1.p1.utr5p1;Parent=CUFF.19.1.p1
CUFF.19.1	transdecoder	exon	1	2667	.	+	.	ID=CUFF.19.1.p1.exon1;Parent=CUFF.19.1.p1
CUFF.19.1	transdecoder	CDS	524	2467	.	+	0	ID=cds.CUFF.19.1.p1;Parent=CUFF.19.1.p1
CUFF.19.1	transdecoder	three_prime_UTR	2468	2667	.	+	.	ID=CUFF.19.1.p1.utr3p1;Parent=CUFF.19.1.p1

CUFF.2.1	transdecoder	gene	1	1060	.	+	.	ID=GENE.CUFF.2.1~~CUFF.2.1.p1;Name="ORF type:complete len:124 (+),score=34.34,YM0C_SCHPO|100.00|1e-86,Transferase|PF02458.14|0.00037"
CUFF.2.1	transdecoder	mRNA	1	1060	.	+	.	ID=CUFF.2.1.p1;Parent=GENE.CUFF.2.1~~CUFF.2.1.p1;Name="ORF type:complete len:124 (+),score=34.34,YM0C_SCHPO|100.00|1e-86,Transferase|PF02458.14|0.00037"
CUFF.2.1	transdecoder	five_prime_UTR	1	576	.	+	.	ID=CUFF.2.1.p1.utr5p1;Parent=CUFF.2.1.p1
CUFF.2.1	transdecoder	exon	1	1060	.	+	.	ID=CUFF.2.1.p1.exon1;Parent=CUFF.2.1.p1
CUFF.2.1	transdecoder	CDS	577	948	.	+	0	ID=cds.CUFF.2.1.p1;Parent=CUFF.2.1.p1
CUFF.2.1	transdecoder	three_prime_UTR	949	1060	.	+	.	ID=CUFF.2.1.p1.utr3p1;Parent=CUFF.2.1.p1

CUFF.20.1	transdecoder	gene	1	3527	.	+	.	ID=GENE.CUFF.20.1~~CUFF.20.1.p1;Name="ORF type:complete len:599 (+),score=237.55,YI7H_SCHPO|100.00|0.0,MIP|PF00230.19|2.9e-51,MDM31_MDM32|PF08118.10|0.002"
CUFF.20.1	transdecoder	mRNA	1	3527	.	+	.	ID=CUFF.20.1.p1;Parent=GENE.CUFF.20.1~~CUFF.20.1.p1;Name="ORF type:complete len:599 (+),score=237.55,YI7H_SCHPO|100.00|0.0,MIP|PF00230.19|2.9e-51,MDM31_MDM32|PF08118.10|0.002"
CUFF.20.1	transdecoder	five_prime_UTR	1	907	.	+	.	ID=CUFF.20.1.p1.utr5p1;Parent=CUFF.20.1.p1
CUFF.20.1	transdecoder	exon	1	3527	.	+	.	ID=CUFF.20.1.p1.exon1;Parent=CUFF.20.1.p1
CUFF.20.1	transdecoder	CDS	908	2704	.	+	0	ID=cds.CUFF.20.1.p1;Parent=CUFF.20.1.p1
CUFF.20.1	transdecoder	three_prime_UTR	2705	3527	.	+	.	ID=CUFF.20.1.p1.utr3p1;Parent=CUFF.20.1.p1

CUFF.24.1	transdecoder	gene	1	2538	.	+	.	ID=GENE.CUFF.24.1~~CUFF.24.1.p1;Name="ORF type:complete len:556 (+),score=176.20,GHT3_SCHPO|100.00|0.0,Sugar_tr|PF00083.23|8.3e-113,MFS_1|PF07690.15|1.6e-16,MFS_1|PF07690.15|1.6e-08,MFS_3|PF05977.12|0.0041"
CUFF.24.1	transdecoder	mRNA	1	2538	.	+	.	ID=CUFF.24.1.p1;Parent=GENE.CUFF.24.1~~CUFF.24.1.p1;Name="ORF type:complete len:556 (+),score=176.20,GHT3_SCHPO|100.00|0.0,Sugar_tr|PF00083.23|8.3e-113,MFS_1|PF07690.15|1.6e-16,MFS_1|PF07690.15|1.6e-08,MFS_3|PF05977.12|0.0041"
CUFF.24.1	transdecoder	five_prime_UTR	1	688	.	+	.	ID=CUFF.24.1.p1.utr5p1;Parent=CUFF.24.1.p1
CUFF.24.1	transdecoder	exon	1	2538	.	+	.	ID=CUFF.24.1.p1.exon1;Parent=CUFF.24.1.p1
CUFF.24.1	transdecoder	CDS	689	2356	.	+	0	ID=cds.CUFF.24.1.p1;Parent=CUFF.24.1.p1
CUFF.24.1	transdecoder	three_prime_UTR	2357	2538	.	+	.	ID=CUFF.24.1.p1.utr3p1;Parent=CUFF.24.1.p1

CUFF.25.1	transdecoder	gene	1	2059	.	+	.	ID=GENE.CUFF.25.1~~CUFF.25.1.p1;Name="ORF type:complete len:631 (+),score=190.16,STR3_SCHPO|100.00|0.0,MFS_1|PF07690.15|4.4e-17,MFS_1|PF07690.15|1.6e-08,TRI12|PF06609.12|1.5e-09,DUF2976|PF11190.7|0.00072,DUF2976|PF11190.7|0.97,DUF2976|PF11190.7|16"
CUFF.25.1	transdecoder	mRNA	1	2059	.	+	.	ID=CUFF.25.1.p1;Parent=GENE.CUFF.25.1~~CUFF.25.1.p1;Name="ORF type:complete len:631 (+),score=190.16,STR3_SCHPO|100.00|0.0,MFS_1|PF07690.15|4.4e-17,MFS_1|PF07690.15|1.6e-08,TRI12|PF06609.12|1.5e-09,DUF2976|PF11190.7|0.00072,DUF2976|PF11190.7|0.97,DUF2976|PF11190.7|16"
CUFF.25.1	transdecoder	five_prime_UTR	1	23	.	+	.	ID=CUFF.25.1.p1.utr5p1;Parent=CUFF.25.1.p1
CUFF.25.1	transdecoder	exon	1	2059	.	+	.	ID=CUFF.25.1.p1.exon1;Parent=CUFF.25.1.p1
CUFF.25.1	transdecoder	CDS	24	1916	.	+	0	ID=cds.CUFF.25.1.p1;Parent=CUFF.25.1.p1
CUFF.25.1	transdecoder	three_prime_UTR	1917	2059	.	+	.	ID=CUFF.25.1.p1.utr3p1;Parent=CUFF.25.1.p1

CUFF.26.1	transdecoder	gene	1	1468	.	+	.	ID=GENE.CUFF.26.1~~CUFF.26.1.p1;Name="ORF type:5prime_partial len:462 (+),score=136.97,YDI4_SCHPO|100.00|0.0,Amidohydro_1|PF01979.19|6.6e-82,Amidohydro_3|PF07969.10|0.0029,Amidohydro_3|PF07969.10|2e-13"
CUFF.26.1	transdecoder	mRNA	1	1468	.	+	.	ID=CUFF.26.1.p1;Parent=GENE.CUFF.26.1~~CUFF.26.1.p1;Name="ORF type:5prime_partial len:462 (+),score=136.97,YDI4_SCHPO|100.00|0.0,Amidohydro_1|PF01979.19|6.6e-82,Amidohydro_3|PF07969.10|0.0029,Amidohydro_3|PF07969.10|2e-13"
CUFF.26.1	transdecoder	exon	1	1468	.	+	.	ID=CUFF.26.1.p1.exon1;Parent=CUFF.26.1.p1
CUFF.26.1	transdecoder	CDS	3	1388	.	+	0	ID=cds.CUFF.26.1.p1;Parent=CUFF.26.1.p1
CUFF.26.1	transdecoder	three_prime_UTR	1389	1468	.	+	.	ID=CUFF.26.1.p1.utr3p1;Parent=CUFF.26.1.p1

CUFF.27.1	transdecoder	gene	1	2930	.	-	.	ID=GENE.CUFF.27.1~~CUFF.27.1.p1;Name="ORF type:complete len:464 (-),score=138.54,YDI4_SCHPO|100.00|0.0,Amidohydro_1|PF01979.19|6.7e-82,Amidohydro_3|PF07969.10|0.0029,Amidohydro_3|PF07969.10|2e-13"
CUFF.27.1	transdecoder	mRNA	1	2930	.	-	.	ID=CUFF.27.1.p1;Parent=GENE.CUFF.27.1~~CUFF.27.1.p1;Name="ORF type:complete len:464 (-),score=138.54,YDI4_SCHPO|100.00|0.0,Amidohydro_1|PF01979.19|6.7e-82,Amidohydro_3|PF07969.10|0.0029,Amidohydro_3|PF07969.10|2e-13"
CUFF.27.1	transdecoder	five_prime_UTR	2863	2930	.	-	.	ID=CUFF.27.1.p1.utr5p1;Parent=CUFF.27.1.p1
CUFF.27.1	transdecoder	exon	1	2930	.	-	.	ID=CUFF.27.1.p1.exon1;Parent=CUFF.27.1.p1
CUFF.27.1	transdecoder	CDS	1471	2862	.	-	0	ID=cds.CUFF.27.1.p1;Parent=CUFF.27.1.p1
CUFF.27.1	transdecoder	three_prime_UTR	1	1470	.	-	.	ID=CUFF.27.1.p1.utr3p1;Parent=CUFF.27.1.p1

CUFF.28.1	transdecoder	gene	1	1584	.	-	.	ID=GENE.CUFF.28.1~~CUFF.28.1.p1;Name="ORF type:complete len:183 (-),score=96.78,ISP3_SCHPO|100.00|1e-136"
CUFF.28.1	transdecoder	mRNA	1	1584	.	-	.	ID=CUFF.28.1.p1;Parent=GENE.CUFF.28.1~~CUFF.28.1.p1;Name="ORF type:complete len:183 (-),score=96.78,ISP3_SCHPO|100.00|1e-136"
CUFF.28.1	transdecoder	five_prime_UTR	784	1584	.	-	.	ID=CUFF.28.1.p1.utr5p1;Parent=CUFF.28.1.p1
CUFF.28.1	transdecoder	exon	1	1584	.	-	.	ID=CUFF.28.1.p1.exon1;Parent=CUFF.28.1.p1
CUFF.28.1	transdecoder	CDS	235	783	.	-	0	ID=cds.CUFF.28.1.p1;Parent=CUFF.28.1.p1
CUFF.28.1	transdecoder	three_prime_UTR	1	234	.	-	.	ID=CUFF.28.1.p1.utr3p1;Parent=CUFF.28.1.p1

CUFF.29.1	transdecoder	gene	1	1173	.	+	.	ID=GENE.CUFF.29.1~~CUFF.29.1.p1;Name="ORF type:complete len:183 (+),score=96.78,ISP3_SCHPO|100.00|1e-136"
CUFF.29.1	transdecoder	mRNA	1	1173	.	+	.	ID=CUFF.29.1.p1;Parent=GENE.CUFF.29.1~~CUFF.29.1.p1;Name="ORF type:complete len:183 (+),score=96.78,ISP3_SCHPO|100.00|1e-136"
CUFF.29.1	transdecoder	five_prime_UTR	1	199	.	+	.	ID=CUFF.29.1.p1.utr5p1;Parent=CUFF.29.1.p1
CUFF.29.1	transdecoder	exon	1	1173	.	+	.	ID=CUFF.29.1.p1.exon1;Parent=CUFF.29.1.p1
CUFF.29.1	transdecoder	CDS	200	748	.	+	0	ID=cds.CUFF.29.1.p1;Parent=CUFF.29.1.p1
CUFF.29.1	transdecoder	three_prime_UTR	749	1173	.	+	.	ID=CUFF.29.1.p1.utr3p1;Parent=CUFF.29.1.p1

CUFF.3.1	transdecoder	gene	1	1353	.	+	.	ID=GENE.CUFF.3.1~~CUFF.3.1.p1;Name="ORF type:complete len:289 (+),score=105.34,YM04_SCHPO|100.00|0.0,DUF999|PF06198.10|1.9e-90"
CUFF.3.1	transdecoder	mRNA	1	1353	.	+	.	ID=CUFF.3.1.p1;Parent=GENE.CUFF.3.1~~CUFF.3.1.p1;Name="ORF type:complete len:289 (+),score=105.34,YM04_SCHPO|100.00|0.0,DUF999|PF06198.10|1.9e-90"
CUFF.3.1	transdecoder	five_prime_UTR	1	206	.	+	.	ID=CUFF.3.1.p1.utr5p1;Parent=CUFF.3.1.p1
CUFF.3.1	transdecoder	exon	1	1353	.	+	.	ID=CUFF.3.1.p1.exon1;Parent=CUFF.3.1.p1
CUFF.3.1	transdecoder	CDS	207	1073	.	+	0	ID=cds.CUFF.3.1.p1;Parent=CUFF.3.1.p1
CUFF.3.1	transdecoder	three_prime_UTR	1074	1353	.	+	.	ID=CUFF.3.1.p1.utr3p1;Parent=CUFF.3.1.p1

CUFF.30.1	transdecoder	gene	1	1680	.	-	.	ID=GENE.CUFF.30.1~~CUFF.30.1.p1;Name="ORF type:3prime_partial len:336 (-),score=102.74,FTA5_SCHPO|100.00|0.0,GLEYA|PF10528.8|2e-18"
CUFF.30.1	transdecoder	mRNA	1	1680	.	-	.	ID=CUFF.30.1.p1;Parent=GENE.CUFF.30.1~~CUFF.30.1.p1;Name="ORF type:3prime_partial len:336 (-),score=102.74,FTA5_SCHPO|100.00|0.0,GLEYA|PF10528.8|2e-18"
CUFF.30.1	transdecoder	five_prime_UTR	1008	1680	.	-	.	ID=CUFF.30.1.p1.utr5p1;Parent=CUFF.30.1.p1
CUFF.30.1	transdecoder	exon	1	1680	.	-	.	ID=CUFF.30.1.p1.exon1;Parent=CUFF.30.1.p1
CUFF.30.1	transdecoder	CDS	3	1007	.	-	0	ID=cds.CUFF.30.1.p1;Parent=CUFF.30.1.p1

CUFF.30.2	transdecoder	gene	1	1422	.	-	.	ID=GENE.CUFF.30.2~~CUFF.30.2.p1;Name="ORF type:3prime_partial len:250 (-),score=79.35,FTA5_SCHPO|99.35|2e-114,GLEYA|PF10528.8|69,GLEYA|PF10528.8|32,GLEYA|PF10528.8|1.2e-18"
CUFF.30.2	transdecoder	mRNA	1	1422	.	-	.	ID=CUFF.30.2.p1;Parent=GENE.CUFF.30.2~~CUFF.30.2.p1;Name="ORF type:3prime_partial len:250 (-),score=79.35,FTA5_SCHPO|99.35|2e-114,GLEYA|PF10528.8|69,GLEYA|PF10528.8|32,GLEYA|PF10528.8|1.2e-18"
CUFF.30.2	transdecoder	five_prime_UTR	750	1422	.	-	.	ID=CUFF.30.2.p1.utr5p1;Parent=CUFF.30.2.p1
CUFF.30.2	transdecoder	exon	1	1422	.	-	.	ID=CUFF.30.2.p1.exon1;Parent=CUFF.30.2.p1
CUFF.30.2	transdecoder	CDS	3	749	.	-	0	ID=cds.CUFF.30.2.p1;Parent=CUFF.30.2.p1

CUFF.31.1	transdecoder	gene	1	1623	.	+	.	ID=GENE.CUFF.31.1~~CUFF.31.1.p1;Name="ORF type:complete len:386 (+),score=121.18,FTA5_SCHPO|100.00|0.0,GLEYA|PF10528.8|2.1e-20"
CUFF.31.1	transdecoder	mRNA	1	1623	.	+	.	ID=CUFF.31.1.p1;Parent=GENE.CUFF.31.1~~CUFF.31.1.p1;Name="ORF type:complete len:386 (+),score=121.18,FTA5_SCHPO|100.00|0.0,GLEYA|PF10528.8|2.1e-20"
CUFF.31.1	transdecoder	five_prime_UTR	1	243	.	+	.	ID=CUFF.31.1.p1.utr5p1;Parent=CUFF.31.1.p1
CUFF.31.1	transdecoder	exon	1	1623	.	+	.	ID=CUFF.31.1.p1.exon1;Parent=CUFF.31.1.p1
CUFF.31.1	transdecoder	CDS	244	1401	.	+	0	ID=cds.CUFF.31.1.p1;Parent=CUFF.31.1.p1
CUFF.31.1	transdecoder	three_prime_UTR	1402	1623	.	+	.	ID=CUFF.31.1.p1.utr3p1;Parent=CUFF.31.1.p1

CUFF.32.1	transdecoder	gene	1	3144	.	+	.	ID=GENE.CUFF.32.1~~CUFF.32.1.p1;Name="ORF type:complete len:595 (+),score=276.17,PDC2_SCHPO|98.94|0.0,TPP_enzyme_N|PF02776.17|1.6e-37,TPP_enzyme_N|PF02776.17|0.59,TPP_enzyme_C|PF02775.20|0.9,TPP_enzyme_C|PF02775.20|55,TPP_enzyme_C|PF02775.20|2.8e-25,TPP_enzyme_M|PF00205.21|8.6e-24,CO_dh|PF02552.15|11,CO_dh|PF02552.15|2.9e-06"
CUFF.32.1	transdecoder	mRNA	1	3144	.	+	.	ID=CUFF.32.1.p1;Parent=GENE.CUFF.32.1~~CUFF.32.1.p1;Name="ORF type:complete len:595 (+),score=276.17,PDC2_SCHPO|98.94|0.0,TPP_enzyme_N|PF02776.17|1.6e-37,TPP_enzyme_N|PF02776.17|0.59,TPP_enzyme_C|PF02775.20|0.9,TPP_enzyme_C|PF02775.20|55,TPP_enzyme_C|PF02775.20|2.8e-25,TPP_enzyme_M|PF00205.21|8.6e-24,CO_dh|PF02552.15|11,CO_dh|PF02552.15|2.9e-06"
CUFF.32.1	transdecoder	five_prime_UTR	1	1307	.	+	.	ID=CUFF.32.1.p1.utr5p1;Parent=CUFF.32.1.p1
CUFF.32.1	transdecoder	exon	1	3144	.	+	.	ID=CUFF.32.1.p1.exon1;Parent=CUFF.32.1.p1
CUFF.32.1	transdecoder	CDS	1308	3092	.	+	0	ID=cds.CUFF.32.1.p1;Parent=CUFF.32.1.p1
CUFF.32.1	transdecoder	three_prime_UTR	3093	3144	.	+	.	ID=CUFF.32.1.p1.utr3p1;Parent=CUFF.32.1.p1

CUFF.34.1	transdecoder	gene	1	2536	.	-	.	ID=GENE.CUFF.34.1~~CUFF.34.1.p1;Name="ORF type:complete len:303 (-),score=84.74,YAO3_SCHPO|100.00|0.0,DUF1989|PF09347.9|2.5e-57"
CUFF.34.1	transdecoder	mRNA	1	2536	.	-	.	ID=CUFF.34.1.p1;Parent=GENE.CUFF.34.1~~CUFF.34.1.p1;Name="ORF type:complete len:303 (-),score=84.74,YAO3_SCHPO|100.00|0.0,DUF1989|PF09347.9|2.5e-57"
CUFF.34.1	transdecoder	five_prime_UTR	2073	2536	.	-	.	ID=CUFF.34.1.p1.utr5p1;Parent=CUFF.34.1.p1
CUFF.34.1	transdecoder	exon	1	2536	.	-	.	ID=CUFF.34.1.p1.exon1;Parent=CUFF.34.1.p1
CUFF.34.1	transdecoder	CDS	1164	2072	.	-	0	ID=cds.CUFF.34.1.p1;Parent=CUFF.34.1.p1
CUFF.34.1	transdecoder	three_prime_UTR	1	1163	.	-	.	ID=CUFF.34.1.p1.utr3p1;Parent=CUFF.34.1.p1

CUFF.35.1	transdecoder	gene	1	1885	.	+	.	ID=GENE.CUFF.35.1~~CUFF.35.1.p1;Name="ORF type:complete len:151 (+),score=43.82,YAO2_SCHPO|100.00|6e-111,Acetyltransf_10|PF13673.6|6.5e-22,Acetyltransf_1|PF00583.24|7.7e-15,Acetyltransf_7|PF13508.6|7.7e-13,Acetyltransf_9|PF13527.6|1.1e-06,Acetyltransf_5|PF13444.5|1.6e-06,Acetyltransf_15|PF17013.4|3.7e-06,FR47|PF08445.9|1.2e-05,Acetyltransf_CG|PF14542.5|3.1e-05,GNAT_acetyltr_2|PF13718.5|0.00053"
CUFF.35.1	transdecoder	mRNA	1	1885	.	+	.	ID=CUFF.35.1.p1;Parent=GENE.CUFF.35.1~~CUFF.35.1.p1;Name="ORF type:complete len:151 (+),score=43.82,YAO2_SCHPO|100.00|6e-111,Acetyltransf_10|PF13673.6|6.5e-22,Acetyltransf_1|PF00583.24|7.7e-15,Acetyltransf_7|PF13508.6|7.7e-13,Acetyltransf_9|PF13527.6|1.1e-06,Acetyltransf_5|PF13444.5|1.6e-06,Acetyltransf_15|PF17013.4|3.7e-06,FR47|PF08445.9|1.2e-05,Acetyltransf_CG|PF14542.5|3.1e-05,GNAT_acetyltr_2|PF13718.5|0.00053"
CUFF.35.1	transdecoder	five_prime_UTR	1	541	.	+	.	ID=CUFF.35.1.p1.utr5p1;Parent=CUFF.35.1.p1
CUFF.35.1	transdecoder	exon	1	1885	.	+	.	ID=CUFF.35.1.p1.exon1;Parent=CUFF.35.1.p1
CUFF.35.1	transdecoder	CDS	542	994	.	+	0	ID=cds.CUFF.35.1.p1;Parent=CUFF.35.1.p1
CUFF.35.1	transdecoder	three_prime_UTR	995	1885	.	+	.	ID=CUFF.35.1.p1.utr3p1;Parent=CUFF.35.1.p1

CUFF.36.1	transdecoder	gene	1	1498	.	+	.	ID=GENE.CUFF.36.1~~CUFF.36.1.p1;Name="ORF type:complete len:131 (+),score=39.07,YAO4_SCHPO|100.00|1e-93,SnoaL_2|PF12680.6|1e-11,SnoaL|PF07366.11|0.077,SnoaL|PF07366.11|5.1e-07"
CUFF.36.1	transdecoder	mRNA	1	1498	.	+	.	ID=CUFF.36.1.p1;Parent=GENE.CUFF.36.1~~CUFF.36.1.p1;Name="ORF type:complete len:131 (+),score=39.07,YAO4_SCHPO|100.00|1e-93,SnoaL_2|PF12680.6|1e-11,SnoaL|PF07366.11|0.077,SnoaL|PF07366.11|5.1e-07"
CUFF.36.1	transdecoder	five_prime_UTR	1	894	.	+	.	ID=CUFF.36.1.p1.utr5p1;Parent=CUFF.36.1.p1
CUFF.36.1	transdecoder	exon	1	1498	.	+	.	ID=CUFF.36.1.p1.exon1;Parent=CUFF.36.1.p1
CUFF.36.1	transdecoder	CDS	895	1287	.	+	0	ID=cds.CUFF.36.1.p1;Parent=CUFF.36.1.p1
CUFF.36.1	transdecoder	three_prime_UTR	1288	1498	.	+	.	ID=CUFF.36.1.p1.utr3p1;Parent=CUFF.36.1.p1

CUFF.37.1	transdecoder	gene	1	1971	.	+	.	ID=GENE.CUFF.37.1~~CUFF.37.1.p1;Name="ORF type:complete len:547 (+),score=181.37,MFS2_SCHPO|100.00|0.0,MFS_1|PF07690.15|1.7e-41,MFS_1|PF07690.15|5.9,Sugar_tr|PF00083.23|1.6e-09,MFS_4|PF06779.13|6.3,MFS_4|PF06779.13|2e-05,MFS_4|PF06779.13|0.14"
CUFF.37.1	transdecoder	mRNA	1	1971	.	+	.	ID=CUFF.37.1.p1;Parent=GENE.CUFF.37.1~~CUFF.37.1.p1;Name="ORF type:complete len:547 (+),score=181.37,MFS2_SCHPO|100.00|0.0,MFS_1|PF07690.15|1.7e-41,MFS_1|PF07690.15|5.9,Sugar_tr|PF00083.23|1.6e-09,MFS_4|PF06779.13|6.3,MFS_4|PF06779.13|2e-05,MFS_4|PF06779.13|0.14"
CUFF.37.1	transdecoder	five_prime_UTR	1	194	.	+	.	ID=CUFF.37.1.p1.utr5p1;Parent=CUFF.37.1.p1
CUFF.37.1	transdecoder	exon	1	1971	.	+	.	ID=CUFF.37.1.p1.exon1;Parent=CUFF.37.1.p1
CUFF.37.1	transdecoder	CDS	195	1835	.	+	0	ID=cds.CUFF.37.1.p1;Parent=CUFF.37.1.p1
CUFF.37.1	transdecoder	three_prime_UTR	1836	1971	.	+	.	ID=CUFF.37.1.p1.utr3p1;Parent=CUFF.37.1.p1

CUFF.38.1	transdecoder	gene	1	7903	.	+	.	ID=GENE.CUFF.38.1~~CUFF.38.1.p1;Name="ORF type:complete len:638 (+),score=-5,YAO7_SCHPO|100.00|0.0"
CUFF.38.1	transdecoder	mRNA	1	7903	.	+	.	ID=CUFF.38.1.p1;Parent=GENE.CUFF.38.1~~CUFF.38.1.p1;Name="ORF type:complete len:638 (+),score=-5,YAO7_SCHPO|100.00|0.0"
CUFF.38.1	transdecoder	five_prime_UTR	1	3858	.	+	.	ID=CUFF.38.1.p1.utr5p1;Parent=CUFF.38.1.p1
CUFF.38.1	transdecoder	exon	1	7903	.	+	.	ID=CUFF.38.1.p1.exon1;Parent=CUFF.38.1.p1
CUFF.38.1	transdecoder	CDS	3859	5772	.	+	0	ID=cds.CUFF.38.1.p1;Parent=CUFF.38.1.p1
CUFF.38.1	transdecoder	three_prime_UTR	5773	7903	.	+	.	ID=CUFF.38.1.p1.utr3p1;Parent=CUFF.38.1.p1

CUFF.39.1	transdecoder	gene	1	1829	.	+	.	ID=GENE.CUFF.39.1~~CUFF.39.1.p1;Name="ORF type:complete len:456 (+),score=135.99,YAO6_SCHPO|100.00|0.0,MatE|PF01554.17|9.2e-38,MatE|PF01554.17|8.6e-28,Polysacc_synt_C|PF14667.5|20,Polysacc_synt_C|PF14667.5|2.1e-09,Polysacc_synt_C|PF14667.5|8.5,Polysacc_synt_C|PF14667.5|0.075"
CUFF.39.1	transdecoder	mRNA	1	1829	.	+	.	ID=CUFF.39.1.p1;Parent=GENE.CUFF.39.1~~CUFF.39.1.p1;Name="ORF type:complete len:456 (+),score=135.99,YAO6_SCHPO|100.00|0.0,MatE|PF01554.17|9.2e-38,MatE|PF01554.17|8.6e-28,Polysacc_synt_C|PF14667.5|20,Polysacc_synt_C|PF14667.5|2.1e-09,Polysacc_synt_C|PF14667.5|8.5,Polysacc_synt_C|PF14667.5|0.075"
CUFF.39.1	transdecoder	five_prime_UTR	1	341	.	+	.	ID=CUFF.39.1.p1.utr5p1;Parent=CUFF.39.1.p1
CUFF.39.1	transdecoder	exon	1	1829	.	+	.	ID=CUFF.39.1.p1.exon1;Parent=CUFF.39.1.p1
CUFF.39.1	transdecoder	CDS	342	1709	.	+	0	ID=cds.CUFF.39.1.p1;Parent=CUFF.39.1.p1
CUFF.39.1	transdecoder	three_prime_UTR	1710	1829	.	+	.	ID=CUFF.39.1.p1.utr3p1;Parent=CUFF.39.1.p1

CUFF.4.1	transdecoder	gene	1	555	.	+	.	ID=GENE.CUFF.4.1~~CUFF.4.1.p1;Name="ORF type:3prime_partial len:120 (+),score=38.56,YP42_SCHPO|100.00|3e-85"
CUFF.4.1	transdecoder	mRNA	1	555	.	+	.	ID=CUFF.4.1.p1;Parent=GENE.CUFF.4.1~~CUFF.4.1.p1;Name="ORF type:3prime_partial len:120 (+),score=38.56,YP42_SCHPO|100.00|3e-85"
CUFF.4.1	transdecoder	five_prime_UTR	1	198	.	+	.	ID=CUFF.4.1.p1.utr5p1;Parent=CUFF.4.1.p1
CUFF.4.1	transdecoder	exon	1	555	.	+	.	ID=CUFF.4.1.p1.exon1;Parent=CUFF.4.1.p1
CUFF.4.1	transdecoder	CDS	199	555	.	+	0	ID=cds.CUFF.4.1.p1;Parent=CUFF.4.1.p1

CUFF.40.1	transdecoder	gene	1	3847	.	+	.	ID=GENE.CUFF.40.1~~CUFF.40.1.p1;Name="ORF type:complete len:435 (+),score=139.45,YAOA_SCHPO|100.00|0.0,Aminotran_5|PF00266.18|1.1e-46,Aminotran_1_2|PF00155.20|9e-06"
CUFF.40.1	transdecoder	mRNA	1	3847	.	+	.	ID=CUFF.40.1.p1;Parent=GENE.CUFF.40.1~~CUFF.40.1.p1;Name="ORF type:complete len:435 (+),score=139.45,YAOA_SCHPO|100.00|0.0,Aminotran_5|PF00266.18|1.1e-46,Aminotran_1_2|PF00155.20|9e-06"
CUFF.40.1	transdecoder	five_prime_UTR	1	315	.	+	.	ID=CUFF.40.1.p1.utr5p1;Parent=CUFF.40.1.p1
CUFF.40.1	transdecoder	exon	1	3847	.	+	.	ID=CUFF.40.1.p1.exon1;Parent=CUFF.40.1.p1
CUFF.40.1	transdecoder	CDS	316	1620	.	+	0	ID=cds.CUFF.40.1.p1;Parent=CUFF.40.1.p1
CUFF.40.1	transdecoder	three_prime_UTR	1621	3847	.	+	.	ID=CUFF.40.1.p1.utr3p1;Parent=CUFF.40.1.p1

CUFF.41.1	transdecoder	gene	1	2779	.	+	.	ID=GENE.CUFF.41.1~~CUFF.41.1.p1;Name="ORF type:complete len:326 (+),score=101.39,YAOB_SCHPO|100.00|0.0,Fungal_trans|PF04082.17|2.8e-42"
CUFF.41.1	transdecoder	mRNA	1	2779	.	+	.	ID=CUFF.41.1.p1;Parent=GENE.CUFF.41.1~~CUFF.41.1.p1;Name="ORF type:complete len:326 (+),score=101.39,YAOB_SCHPO|100.00|0.0,Fungal_trans|PF04082.17|2.8e-42"
CUFF.41.1	transdecoder	five_prime_UTR	1	302	.	+	.	ID=CUFF.41.1.p1.utr5p1;Parent=CUFF.41.1.p1
CUFF.41.1	transdecoder	exon	1	2779	.	+	.	ID=CUFF.41.1.p1.exon1;Parent=CUFF.41.1.p1
CUFF.41.1	transdecoder	CDS	303	1280	.	+	0	ID=cds.CUFF.41.1.p1;Parent=CUFF.41.1.p1
CUFF.41.1	transdecoder	three_prime_UTR	1281	2779	.	+	.	ID=CUFF.41.1.p1.utr3p1;Parent=CUFF.41.1.p1

CUFF.42.1	transdecoder	gene	1	4113	.	-	.	ID=GENE.CUFF.42.1~~CUFF.42.1.p1;Name="ORF type:5prime_partial len:990 (-),score=357.29,YAOE_SCHPO|100.00|0.0,Hydantoinase_B|PF02538.13|3.5e-213,Hydantoinase_A|PF01968.17|1.6e-90"
CUFF.42.1	transdecoder	mRNA	1	4113	.	-	.	ID=CUFF.42.1.p1;Parent=GENE.CUFF.42.1~~CUFF.42.1.p1;Name="ORF type:5prime_partial len:990 (-),score=357.29,YAOE_SCHPO|100.00|0.0,Hydantoinase_B|PF02538.13|3.5e-213,Hydantoinase_A|PF01968.17|1.6e-90"
CUFF.42.1	transdecoder	exon	1	4113	.	-	.	ID=CUFF.42.1.p1.exon1;Parent=CUFF.42.1.p1
CUFF.42.1	transdecoder	CDS	1142	4111	.	-	0	ID=cds.CUFF.42.1.p1;Parent=CUFF.42.1.p1
CUFF.42.1	transdecoder	three_prime_UTR	1	1141	.	-	.	ID=CUFF.42.1.p1.utr3p1;Parent=CUFF.42.1.p1

CUFF.43.1	transdecoder	gene	1	1402	.	+	.	ID=GENE.CUFF.43.1~~CUFF.43.1.p1;Name="ORF type:complete len:132 (+),score=44.78,YAOG_SCHPO|100.00|2e-96"
CUFF.43.1	transdecoder	mRNA	1	1402	.	+	.	ID=CUFF.43.1.p1;Parent=GENE.CUFF.43.1~~CUFF.43.1.p1;Name="ORF type:complete len:132 (+),score=44.78,YAOG_SCHPO|100.00|2e-96"
CUFF.43.1	transdecoder	five_prime_UTR	1	601	.	+	.	ID=CUFF.43.1.p1.utr5p1;Parent=CUFF.43.1.p1
CUFF.43.1	transdecoder	exon	1	1402	.	+	.	ID=CUFF.43.1.p1.exon1;Parent=CUFF.43.1.p1
CUFF.43.1	transdecoder	CDS	602	997	.	+	0	ID=cds.CUFF.43.1.p1;Parent=CUFF.43.1.p1
CUFF.43.1	transdecoder	three_prime_UTR	998	1402	.	+	.	ID=CUFF.43.1.p1.utr3p1;Parent=CUFF.43.1.p1

CUFF.44.1	transdecoder	gene	1	4312	.	+	.	ID=GENE.CUFF.44.1~~CUFF.44.1.p1;Name="ORF type:complete len:1318 (+),score=471.45,YAOF_SCHPO|100.00|0.0,Hydantoinase_B|PF02538.13|3.3e-215,Hydantoinase_A|PF01968.17|32,Hydantoinase_A|PF01968.17|8.1e-107,Hydant_A_N|PF05378.12|1.3e-64,Hydant_A_N|PF05378.12|0.73"
CUFF.44.1	transdecoder	mRNA	1	4312	.	+	.	ID=CUFF.44.1.p1;Parent=GENE.CUFF.44.1~~CUFF.44.1.p1;Name="ORF type:complete len:1318 (+),score=471.45,YAOF_SCHPO|100.00|0.0,Hydantoinase_B|PF02538.13|3.3e-215,Hydantoinase_A|PF01968.17|32,Hydantoinase_A|PF01968.17|8.1e-107,Hydant_A_N|PF05378.12|1.3e-64,Hydant_A_N|PF05378.12|0.73"
CUFF.44.1	transdecoder	five_prime_UTR	1	231	.	+	.	ID=CUFF.44.1.p1.utr5p1;Parent=CUFF.44.1.p1
CUFF.44.1	transdecoder	exon	1	4312	.	+	.	ID=CUFF.44.1.p1.exon1;Parent=CUFF.44.1.p1
CUFF.44.1	transdecoder	CDS	232	4185	.	+	0	ID=cds.CUFF.44.1.p1;Parent=CUFF.44.1.p1
CUFF.44.1	transdecoder	three_prime_UTR	4186	4312	.	+	.	ID=CUFF.44.1.p1.utr3p1;Parent=CUFF.44.1.p1

CUFF.45.1	transdecoder	gene	1	4899	.	+	.	ID=GENE.CUFF.45.1~~CUFF.45.1.p1;Name="ORF type:complete len:586 (+),score=171.73,YAOH_SCHPO|100.00|0.0,Fungal_trans|PF04082.17|1.3e-11,zf-C2H2|PF00096.25|6.9e-05,zf-C2H2|PF00096.25|5.5e-06,zf-C2H2_6|PF13912.5|3.2e-06,zf-C2H2_6|PF13912.5|73,zf-C2H2_4|PF13894.5|0.0092,zf-C2H2_4|PF13894.5|0.001,zf-H2C2_2|PF13465.5|0.035,zf-H2C2_2|PF13465.5|0.0058,zf-H2C2_2|PF13465.5|4.9,zf-C2H2_jaz|PF12171.7|0.021,zf-C2H2_jaz|PF12171.7|0.16,zf-C2H2_jaz|PF12171.7|1.2e+02,zf-Di19|PF05605.11|0.0023,zf-TRAF|PF02176.17|0.05,zf-TRAF|PF02176.17|39"
CUFF.45.1	transdecoder	mRNA	1	4899	.	+	.	ID=CUFF.45.1.p1;Parent=GENE.CUFF.45.1~~CUFF.45.1.p1;Name="ORF type:complete len:586 (+),score=171.73,YAOH_SCHPO|100.00|0.0,Fungal_trans|PF04082.17|1.3e-11,zf-C2H2|PF00096.25|6.9e-05,zf-C2H2|PF00096.25|5.5e-06,zf-C2H2_6|PF13912.5|3.2e-06,zf-C2H2_6|PF13912.5|73,zf-C2H2_4|PF13894.5|0.0092,zf-C2H2_4|PF13894.5|0.001,zf-H2C2_2|PF13465.5|0.035,zf-H2C2_2|PF13465.5|0.0058,zf-H2C2_2|PF13465.5|4.9,zf-C2H2_jaz|PF12171.7|0.021,zf-C2H2_jaz|PF12171.7|0.16,zf-C2H2_jaz|PF12171.7|1.2e+02,zf-Di19|PF05605.11|0.0023,zf-TRAF|PF02176.17|0.05,zf-TRAF|PF02176.17|39"
CUFF.45.1	transdecoder	five_prime_UTR	1	1092	.	+	.	ID=CUFF.45.1.p1.utr5p1;Parent=CUFF.45.1.p1
CUFF.45.1	transdecoder	exon	1	4899	.	+	.	ID=CUFF.45.1.p1.exon1;Parent=CUFF.45.1.p1
CUFF.45.1	transdecoder	CDS	1093	2850	.	+	0	ID=cds.CUFF.45.1.p1;Parent=CUFF.45.1.p1
CUFF.45.1	transdecoder	three_prime_UTR	2851	4899	.	+	.	ID=CUFF.45.1.p1.utr3p1;Parent=CUFF.45.1.p1

CUFF.46.1	transdecoder	gene	1	2198	.	+	.	ID=GENE.CUFF.46.1~~CUFF.46.1.p1;Name="ORF type:complete len:241 (+),score=91.17,HSP32_SCHPO|100.00|1e-179,DJ-1_PfpI|PF01965.23|3.8e-15,ThiJ_like|PF17124.4|4.8e-09"
CUFF.46.1	transdecoder	mRNA	1	2198	.	+	.	ID=CUFF.46.1.p1;Parent=GENE.CUFF.46.1~~CUFF.46.1.p1;Name="ORF type:complete len:241 (+),score=91.17,HSP32_SCHPO|100.00|1e-179,DJ-1_PfpI|PF01965.23|3.8e-15,ThiJ_like|PF17124.4|4.8e-09"
CUFF.46.1	transdecoder	five_prime_UTR	1	1305	.	+	.	ID=CUFF.46.1.p1.utr5p1;Parent=CUFF.46.1.p1
CUFF.46.1	transdecoder	exon	1	2198	.	+	.	ID=CUFF.46.1.p1.exon1;Parent=CUFF.46.1.p1
CUFF.46.1	transdecoder	CDS	1306	2028	.	+	0	ID=cds.CUFF.46.1.p1;Parent=CUFF.46.1.p1
CUFF.46.1	transdecoder	three_prime_UTR	2029	2198	.	+	.	ID=CUFF.46.1.p1.utr3p1;Parent=CUFF.46.1.p1

CUFF.47.1	transdecoder	gene	1	599	.	-	.	ID=GENE.CUFF.47.1~~CUFF.47.1.p1;Name="ORF type:internal len:200 (-),score=63.89,HSP32_SCHPO|100.00|6e-132,DJ-1_PfpI|PF01965.23|5.6e-15,ThiJ_like|PF17124.4|4.2e-09"
CUFF.47.1	transdecoder	mRNA	1	599	.	-	.	ID=CUFF.47.1.p1;Parent=GENE.CUFF.47.1~~CUFF.47.1.p1;Name="ORF type:internal len:200 (-),score=63.89,HSP32_SCHPO|100.00|6e-132,DJ-1_PfpI|PF01965.23|5.6e-15,ThiJ_like|PF17124.4|4.2e-09"
CUFF.47.1	transdecoder	exon	1	599	.	-	.	ID=CUFF.47.1.p1.exon1;Parent=CUFF.47.1.p1
CUFF.47.1	transdecoder	CDS	1	597	.	-	0	ID=cds.CUFF.47.1.p1;Parent=CUFF.47.1.p1

CUFF.48.1	transdecoder	gene	1	4754	.	+	.	ID=GENE.CUFF.48.1~~CUFF.48.1.p1;Name="ORF type:complete len:383 (+),score=139.17,OYEA_SCHPO|100.00|0.0,Oxidored_FMN|PF00724.19|1.4e-136"
CUFF.48.1	transdecoder	mRNA	1	4754	.	+	.	ID=CUFF.48.1.p1;Parent=GENE.CUFF.48.1~~CUFF.48.1.p1;Name="ORF type:complete len:383 (+),score=139.17,OYEA_SCHPO|100.00|0.0,Oxidored_FMN|PF00724.19|1.4e-136"
CUFF.48.1	transdecoder	five_prime_UTR	1	2694	.	+	.	ID=CUFF.48.1.p1.utr5p1;Parent=CUFF.48.1.p1
CUFF.48.1	transdecoder	exon	1	4754	.	+	.	ID=CUFF.48.1.p1.exon1;Parent=CUFF.48.1.p1
CUFF.48.1	transdecoder	CDS	2695	3843	.	+	0	ID=cds.CUFF.48.1.p1;Parent=CUFF.48.1.p1
CUFF.48.1	transdecoder	three_prime_UTR	3844	4754	.	+	.	ID=CUFF.48.1.p1.utr3p1;Parent=CUFF.48.1.p1

CUFF.49.1	transdecoder	gene	1	2422	.	-	.	ID=GENE.CUFF.49.1~~CUFF.49.1.p1;Name="ORF type:complete len:383 (-),score=139.17,OYEA_SCHPO|100.00|0.0,Oxidored_FMN|PF00724.19|1.4e-136"
CUFF.49.1	transdecoder	mRNA	1	2422	.	-	.	ID=CUFF.49.1.p1;Parent=GENE.CUFF.49.1~~CUFF.49.1.p1;Name="ORF type:complete len:383 (-),score=139.17,OYEA_SCHPO|100.00|0.0,Oxidored_FMN|PF00724.19|1.4e-136"
CUFF.49.1	transdecoder	five_prime_UTR	2225	2422	.	-	.	ID=CUFF.49.1.p1.utr5p1;Parent=CUFF.49.1.p1
CUFF.49.1	transdecoder	exon	1	2422	.	-	.	ID=CUFF.49.1.p1.exon1;Parent=CUFF.49.1.p1
CUFF.49.1	transdecoder	CDS	1076	2224	.	-	0	ID=cds.CUFF.49.1.p1;Parent=CUFF.49.1.p1
CUFF.49.1	transdecoder	three_prime_UTR	1	1075	.	-	.	ID=CUFF.49.1.p1.utr3p1;Parent=CUFF.49.1.p1

CUFF.5.1	transdecoder	gene	1	771	.	+	.	ID=GENE.CUFF.5.1~~CUFF.5.1.p1;Name="ORF type:complete len:169 (+),score=66.94,YP44_SCHPO|100.00|4e-120,DUF999|PF06198.10|3e-94,Oleosin|PF01277.16|24,Oleosin|PF01277.16|5.4,Oleosin|PF01277.16|0.0087"
CUFF.5.1	transdecoder	mRNA	1	771	.	+	.	ID=CUFF.5.1.p1;Parent=GENE.CUFF.5.1~~CUFF.5.1.p1;Name="ORF type:complete len:169 (+),score=66.94,YP44_SCHPO|100.00|4e-120,DUF999|PF06198.10|3e-94,Oleosin|PF01277.16|24,Oleosin|PF01277.16|5.4,Oleosin|PF01277.16|0.0087"
CUFF.5.1	transdecoder	five_prime_UTR	1	206	.	+	.	ID=CUFF.5.1.p1.utr5p1;Parent=CUFF.5.1.p1
CUFF.5.1	transdecoder	exon	1	771	.	+	.	ID=CUFF.5.1.p1.exon1;Parent=CUFF.5.1.p1
CUFF.5.1	transdecoder	CDS	207	713	.	+	0	ID=cds.CUFF.5.1.p1;Parent=CUFF.5.1.p1
CUFF.5.1	transdecoder	three_prime_UTR	714	771	.	+	.	ID=CUFF.5.1.p1.utr3p1;Parent=CUFF.5.1.p1

CUFF.50.1	transdecoder	gene	1	5404	.	+	.	ID=GENE.CUFF.50.1~~CUFF.50.1.p1;Name="ORF type:complete len:423 (+),score=172.45,ADH4_SCHPO|100.00|0.0,Fe-ADH|PF00465.18|9.4e-127,Fe-ADH_2|PF13685.5|2.9e-20,Fe-ADH_2|PF13685.5|47"
CUFF.50.1	transdecoder	mRNA	1	5404	.	+	.	ID=CUFF.50.1.p1;Parent=GENE.CUFF.50.1~~CUFF.50.1.p1;Name="ORF type:complete len:423 (+),score=172.45,ADH4_SCHPO|100.00|0.0,Fe-ADH|PF00465.18|9.4e-127,Fe-ADH_2|PF13685.5|2.9e-20,Fe-ADH_2|PF13685.5|47"
CUFF.50.1	transdecoder	five_prime_UTR	1	3998	.	+	.	ID=CUFF.50.1.p1.utr5p1;Parent=CUFF.50.1.p1
CUFF.50.1	transdecoder	exon	1	5404	.	+	.	ID=CUFF.50.1.p1.exon1;Parent=CUFF.50.1.p1
CUFF.50.1	transdecoder	CDS	3999	5267	.	+	0	ID=cds.CUFF.50.1.p1;Parent=CUFF.50.1.p1
CUFF.50.1	transdecoder	three_prime_UTR	5268	5404	.	+	.	ID=CUFF.50.1.p1.utr3p1;Parent=CUFF.50.1.p1

CUFF.51.1	transdecoder	gene	1	4342	.	+	.	ID=GENE.CUFF.51.1~~CUFF.51.1.p1;Name="ORF type:complete len:372 (+),score=108.67,YA0C_SCHPO|100.00|0.0,Glyco_transf_8|PF01501.19|1.2e-11,Mannosyl_trans3|PF11051.7|0.00048,Smim3|PF17307.1|0.32,Smim3|PF17307.1|0.085"
CUFF.51.1	transdecoder	mRNA	1	4342	.	+	.	ID=CUFF.51.1.p1;Parent=GENE.CUFF.51.1~~CUFF.51.1.p1;Name="ORF type:complete len:372 (+),score=108.67,YA0C_SCHPO|100.00|0.0,Glyco_transf_8|PF01501.19|1.2e-11,Mannosyl_trans3|PF11051.7|0.00048,Smim3|PF17307.1|0.32,Smim3|PF17307.1|0.085"
CUFF.51.1	transdecoder	five_prime_UTR	1	2631	.	+	.	ID=CUFF.51.1.p1.utr5p1;Parent=CUFF.51.1.p1
CUFF.51.1	transdecoder	exon	1	4342	.	+	.	ID=CUFF.51.1.p1.exon1;Parent=CUFF.51.1.p1
CUFF.51.1	transdecoder	CDS	2632	3747	.	+	0	ID=cds.CUFF.51.1.p1;Parent=CUFF.51.1.p1
CUFF.51.1	transdecoder	three_prime_UTR	3748	4342	.	+	.	ID=CUFF.51.1.p1.utr3p1;Parent=CUFF.51.1.p1

CUFF.52.1	transdecoder	gene	1	5136	.	+	.	ID=GENE.CUFF.52.1~~CUFF.52.1.p1;Name="ORF type:complete len:393 (+),score=143.50,OYEB_SCHPO|100.00|0.0,Oxidored_FMN|PF00724.19|4.5e-138"
CUFF.52.1	transdecoder	mRNA	1	5136	.	+	.	ID=CUFF.52.1.p1;Parent=GENE.CUFF.52.1~~CUFF.52.1.p1;Name="ORF type:complete len:393 (+),score=143.50,OYEB_SCHPO|100.00|0.0,Oxidored_FMN|PF00724.19|4.5e-138"
CUFF.52.1	transdecoder	five_prime_UTR	1	1901	.	+	.	ID=CUFF.52.1.p1.utr5p1;Parent=CUFF.52.1.p1
CUFF.52.1	transdecoder	exon	1	5136	.	+	.	ID=CUFF.52.1.p1.exon1;Parent=CUFF.52.1.p1
CUFF.52.1	transdecoder	CDS	1902	3080	.	+	0	ID=cds.CUFF.52.1.p1;Parent=CUFF.52.1.p1
CUFF.52.1	transdecoder	three_prime_UTR	3081	5136	.	+	.	ID=CUFF.52.1.p1.utr3p1;Parent=CUFF.52.1.p1

CUFF.53.1	transdecoder	gene	1	4150	.	+	.	ID=GENE.CUFF.53.1~~CUFF.53.1.p1;Name="ORF type:complete len:759 (+),score=220.87,GPI7_SCHPO|100.00|0.0,Phosphodiest|PF01663.21|0.00024,Phosphodiest|PF01663.21|1.9e-12,Sulfatase|PF00884.22|0.00086,Sulfatase|PF00884.22|0.0009"
CUFF.53.1	transdecoder	mRNA	1	4150	.	+	.	ID=CUFF.53.1.p1;Parent=GENE.CUFF.53.1~~CUFF.53.1.p1;Name="ORF type:complete len:759 (+),score=220.87,GPI7_SCHPO|100.00|0.0,Phosphodiest|PF01663.21|0.00024,Phosphodiest|PF01663.21|1.9e-12,Sulfatase|PF00884.22|0.00086,Sulfatase|PF00884.22|0.0009"
CUFF.53.1	transdecoder	five_prime_UTR	1	1398	.	+	.	ID=CUFF.53.1.p1.utr5p1;Parent=CUFF.53.1.p1
CUFF.53.1	transdecoder	exon	1	4150	.	+	.	ID=CUFF.53.1.p1.exon1;Parent=CUFF.53.1.p1
CUFF.53.1	transdecoder	CDS	1399	3675	.	+	0	ID=cds.CUFF.53.1.p1;Parent=CUFF.53.1.p1
CUFF.53.1	transdecoder	three_prime_UTR	3676	4150	.	+	.	ID=CUFF.53.1.p1.utr3p1;Parent=CUFF.53.1.p1

CUFF.54.1	transdecoder	gene	1	1646	.	+	.	ID=GENE.CUFF.54.1~~CUFF.54.1.p1;Name="ORF type:complete len:253 (+),score=111.97,RS3A1_SCHPO|100.00|0.0,Ribosomal_S3Ae|PF01015.17|5.9e-93,SUI1|PF01253.21|5.9e-05,SUI1|PF01253.21|30,DUF2997|PF11211.7|0.0013,NEMO|PF11577.7|0.0018"
CUFF.54.1	transdecoder	mRNA	1	1646	.	+	.	ID=CUFF.54.1.p1;Parent=GENE.CUFF.54.1~~CUFF.54.1.p1;Name="ORF type:complete len:253 (+),score=111.97,RS3A1_SCHPO|100.00|0.0,Ribosomal_S3Ae|PF01015.17|5.9e-93,SUI1|PF01253.21|5.9e-05,SUI1|PF01253.21|30,DUF2997|PF11211.7|0.0013,NEMO|PF11577.7|0.0018"
CUFF.54.1	transdecoder	five_prime_UTR	1	773	.	+	.	ID=CUFF.54.1.p1.utr5p1;Parent=CUFF.54.1.p1
CUFF.54.1	transdecoder	exon	1	1646	.	+	.	ID=CUFF.54.1.p1.exon1;Parent=CUFF.54.1.p1
CUFF.54.1	transdecoder	CDS	774	1532	.	+	0	ID=cds.CUFF.54.1.p1;Parent=CUFF.54.1.p1
CUFF.54.1	transdecoder	three_prime_UTR	1533	1646	.	+	.	ID=CUFF.54.1.p1.utr3p1;Parent=CUFF.54.1.p1

CUFF.55.1	transdecoder	gene	1	910	.	+	.	ID=GENE.CUFF.55.1~~CUFF.55.1.p1;Name="ORF type:5prime_partial len:168 (+),score=40.26,YA95_SCHPO|92.62|5e-89,TRAPP|PF04051.15|1e-25"
CUFF.55.1	transdecoder	mRNA	1	910	.	+	.	ID=CUFF.55.1.p1;Parent=GENE.CUFF.55.1~~CUFF.55.1.p1;Name="ORF type:5prime_partial len:168 (+),score=40.26,YA95_SCHPO|92.62|5e-89,TRAPP|PF04051.15|1e-25"
CUFF.55.1	transdecoder	exon	1	910	.	+	.	ID=CUFF.55.1.p1.exon1;Parent=CUFF.55.1.p1
CUFF.55.1	transdecoder	CDS	2	505	.	+	0	ID=cds.CUFF.55.1.p1;Parent=CUFF.55.1.p1
CUFF.55.1	transdecoder	three_prime_UTR	506	910	.	+	.	ID=CUFF.55.1.p1.utr3p1;Parent=CUFF.55.1.p1

CUFF.57.1	transdecoder	gene	1	3853	.	+	.	ID=GENE.CUFF.57.1~~CUFF.57.1.p1;Name="ORF type:complete len:1032 (+),score=349.47,GCSP_SCHPO|100.00|0.0,GDC-P|PF02347.15|2e-202,GDC-P|PF02347.15|1.4e-11,GDC-P|PF02347.15|1.2,Beta_elim_lyase|PF01212.20|5.2e-06"
CUFF.57.1	transdecoder	mRNA	1	3853	.	+	.	ID=CUFF.57.1.p1;Parent=GENE.CUFF.57.1~~CUFF.57.1.p1;Name="ORF type:complete len:1032 (+),score=349.47,GCSP_SCHPO|100.00|0.0,GDC-P|PF02347.15|2e-202,GDC-P|PF02347.15|1.4e-11,GDC-P|PF02347.15|1.2,Beta_elim_lyase|PF01212.20|5.2e-06"
CUFF.57.1	transdecoder	five_prime_UTR	1	188	.	+	.	ID=CUFF.57.1.p1.utr5p1;Parent=CUFF.57.1.p1
CUFF.57.1	transdecoder	exon	1	3853	.	+	.	ID=CUFF.57.1.p1.exon1;Parent=CUFF.57.1.p1
CUFF.57.1	transdecoder	CDS	189	3284	.	+	0	ID=cds.CUFF.57.1.p1;Parent=CUFF.57.1.p1
CUFF.57.1	transdecoder	three_prime_UTR	3285	3853	.	+	.	ID=CUFF.57.1.p1.utr3p1;Parent=CUFF.57.1.p1

CUFF.58.1	transdecoder	gene	1	605	.	+	.	ID=GENE.CUFF.58.1~~CUFF.58.1.p1;Name="ORF type:internal len:202 (+),score=87.10,RS6A_SCHPO|100.00|3e-140,Ribosomal_S6e|PF01092.18|7.7e-62"
CUFF.58.1	transdecoder	mRNA	1	605	.	+	.	ID=CUFF.58.1.p1;Parent=GENE.CUFF.58.1~~CUFF.58.1.p1;Name="ORF type:internal len:202 (+),score=87.10,RS6A_SCHPO|100.00|3e-140,Ribosomal_S6e|PF01092.18|7.7e-62"
CUFF.58.1	transdecoder	exon	1	605	.	+	.	ID=CUFF.58.1.p1.exon1;Parent=CUFF.58.1.p1
CUFF.58.1	transdecoder	CDS	1	603	.	+	0	ID=cds.CUFF.58.1.p1;Parent=CUFF.58.1.p1

CUFF.59.1	transdecoder	gene	1	2472	.	+	.	ID=GENE.CUFF.59.1~~CUFF.59.1.p1;Name="ORF type:complete len:531 (+),score=225.75,ASL1_SCHPO|100.00|0.0,Glyco_hydro_cc|PF11790.7|5.3e-61"
CUFF.59.1	transdecoder	mRNA	1	2472	.	+	.	ID=CUFF.59.1.p1;Parent=GENE.CUFF.59.1~~CUFF.59.1.p1;Name="ORF type:complete len:531 (+),score=225.75,ASL1_SCHPO|100.00|0.0,Glyco_hydro_cc|PF11790.7|5.3e-61"
CUFF.59.1	transdecoder	five_prime_UTR	1	157	.	+	.	ID=CUFF.59.1.p1.utr5p1;Parent=CUFF.59.1.p1
CUFF.59.1	transdecoder	exon	1	2472	.	+	.	ID=CUFF.59.1.p1.exon1;Parent=CUFF.59.1.p1
CUFF.59.1	transdecoder	CDS	158	1750	.	+	0	ID=cds.CUFF.59.1.p1;Parent=CUFF.59.1.p1
CUFF.59.1	transdecoder	three_prime_UTR	1751	2472	.	+	.	ID=CUFF.59.1.p1.utr3p1;Parent=CUFF.59.1.p1

CUFF.6.1	transdecoder	gene	1	1717	.	+	.	ID=GENE.CUFF.6.1~~CUFF.6.1.p1;Name="ORF type:5prime_partial len:317 (+),score=66.57,YI71_SCHPO|100.00|0.0,Pombe_5TM|PF09437.9|1.1e-157,Lung_7-TM_R|PF06814.12|9.9e-08"
CUFF.6.1	transdecoder	mRNA	1	1717	.	+	.	ID=CUFF.6.1.p1;Parent=GENE.CUFF.6.1~~CUFF.6.1.p1;Name="ORF type:5prime_partial len:317 (+),score=66.57,YI71_SCHPO|100.00|0.0,Pombe_5TM|PF09437.9|1.1e-157,Lung_7-TM_R|PF06814.12|9.9e-08"
CUFF.6.1	transdecoder	exon	1	1717	.	+	.	ID=CUFF.6.1.p1.exon1;Parent=CUFF.6.1.p1
CUFF.6.1	transdecoder	CDS	3	953	.	+	0	ID=cds.CUFF.6.1.p1;Parent=CUFF.6.1.p1
CUFF.6.1	transdecoder	three_prime_UTR	954	1717	.	+	.	ID=CUFF.6.1.p1.utr3p1;Parent=CUFF.6.1.p1

CUFF.60.1	transdecoder	gene	1	4914	.	+	.	ID=GENE.CUFF.60.1~~CUFF.60.1.p1;Name="ORF type:complete len:844 (+),score=213.47,CHS1_SCHPO|100.00|0.0,Chitin_synth_1|PF01644.16|4.2e-83,Chitin_synth_1N|PF08407.10|1.5e-28,Chitin_synth_2|PF03142.14|20,Chitin_synth_2|PF03142.14|16,Chitin_synth_2|PF03142.14|3.4e-21,Chitin_synth_2|PF03142.14|0.00033,Glyco_trans_2_3|PF13632.5|1.9e-10,Glyco_tranf_2_3|PF13641.5|11,Glyco_tranf_2_3|PF13641.5|0.00056,MVP_shoulder|PF11978.7|0.0022"
CUFF.60.1	transdecoder	mRNA	1	4914	.	+	.	ID=CUFF.60.1.p1;Parent=GENE.CUFF.60.1~~CUFF.60.1.p1;Name="ORF type:complete len:844 (+),score=213.47,CHS1_SCHPO|100.00|0.0,Chitin_synth_1|PF01644.16|4.2e-83,Chitin_synth_1N|PF08407.10|1.5e-28,Chitin_synth_2|PF03142.14|20,Chitin_synth_2|PF03142.14|16,Chitin_synth_2|PF03142.14|3.4e-21,Chitin_synth_2|PF03142.14|0.00033,Glyco_trans_2_3|PF13632.5|1.9e-10,Glyco_tranf_2_3|PF13641.5|11,Glyco_tranf_2_3|PF13641.5|0.00056,MVP_shoulder|PF11978.7|0.0022"
CUFF.60.1	transdecoder	five_prime_UTR	1	310	.	+	.	ID=CUFF.60.1.p1.utr5p1;Parent=CUFF.60.1.p1
CUFF.60.1	transdecoder	exon	1	4914	.	+	.	ID=CUFF.60.1.p1.exon1;Parent=CUFF.60.1.p1
CUFF.60.1	transdecoder	CDS	311	2842	.	+	0	ID=cds.CUFF.60.1.p1;Parent=CUFF.60.1.p1
CUFF.60.1	transdecoder	three_prime_UTR	2843	4914	.	+	.	ID=CUFF.60.1.p1.utr3p1;Parent=CUFF.60.1.p1

CUFF.60.2	transdecoder	gene	1	4665	.	+	.	ID=GENE.CUFF.60.2~~CUFF.60.2.p1;Name="ORF type:complete len:844 (+),score=213.47,CHS1_SCHPO|100.00|0.0,Chitin_synth_1|PF01644.16|4.2e-83,Chitin_synth_1N|PF08407.10|1.5e-28,Chitin_synth_2|PF03142.14|20,Chitin_synth_2|PF03142.14|16,Chitin_synth_2|PF03142.14|3.4e-21,Chitin_synth_2|PF03142.14|0.00033,Glyco_trans_2_3|PF13632.5|1.9e-10,Glyco_tranf_2_3|PF13641.5|11,Glyco_tranf_2_3|PF13641.5|0.00056,MVP_shoulder|PF11978.7|0.0022"
CUFF.60.2	transdecoder	mRNA	1	4665	.	+	.	ID=CUFF.60.2.p1;Parent=GENE.CUFF.60.2~~CUFF.60.2.p1;Name="ORF type:complete len:844 (+),score=213.47,CHS1_SCHPO|100.00|0.0,Chitin_synth_1|PF01644.16|4.2e-83,Chitin_synth_1N|PF08407.10|1.5e-28,Chitin_synth_2|PF03142.14|20,Chitin_synth_2|PF03142.14|16,Chitin_synth_2|PF03142.14|3.4e-21,Chitin_synth_2|PF03142.14|0.00033,Glyco_trans_2_3|PF13632.5|1.9e-10,Glyco_tranf_2_3|PF13641.5|11,Glyco_tranf_2_3|PF13641.5|0.00056,MVP_shoulder|PF11978.7|0.0022"
CUFF.60.2	transdecoder	five_prime_UTR	1	310	.	+	.	ID=CUFF.60.2.p1.utr5p1;Parent=CUFF.60.2.p1
CUFF.60.2	transdecoder	exon	1	4665	.	+	.	ID=CUFF.60.2.p1.exon1;Parent=CUFF.60.2.p1
CUFF.60.2	transdecoder	CDS	311	2842	.	+	0	ID=cds.CUFF.60.2.p1;Parent=CUFF.60.2.p1
CUFF.60.2	transdecoder	three_prime_UTR	2843	4665	.	+	.	ID=CUFF.60.2.p1.utr3p1;Parent=CUFF.60.2.p1

CUFF.7.1	transdecoder	gene	1	876	.	+	.	ID=GENE.CUFF.7.1~~CUFF.7.1.p1;Name="ORF type:complete len:134 (+),score=28.31,YI7I_SCHPO|100.00|5e-97,RNA_POL_M_15KD|PF02150.15|0.0053,RNA_POL_M_15KD|PF02150.15|0.3"
CUFF.7.1	transdecoder	mRNA	1	876	.	+	.	ID=CUFF.7.1.p1;Parent=GENE.CUFF.7.1~~CUFF.7.1.p1;Name="ORF type:complete len:134 (+),score=28.31,YI7I_SCHPO|100.00|5e-97,RNA_POL_M_15KD|PF02150.15|0.0053,RNA_POL_M_15KD|PF02150.15|0.3"
CUFF.7.1	transdecoder	five_prime_UTR	1	158	.	+	.	ID=CUFF.7.1.p1.utr5p1;Parent=CUFF.7.1.p1
CUFF.7.1	transdecoder	exon	1	876	.	+	.	ID=CUFF.7.1.p1.exon1;Parent=CUFF.7.1.p1
CUFF.7.1	transdecoder	CDS	159	560	.	+	0	ID=cds.CUFF.7.1.p1;Parent=CUFF.7.1.p1
CUFF.7.1	transdecoder	three_prime_UTR	561	876	.	+	.	ID=CUFF.7.1.p1.utr3p1;Parent=CUFF.7.1.p1

CUFF.9.1	transdecoder	gene	1	804	.	+	.	ID=GENE.CUFF.9.1~~CUFF.9.1.p1;Name="ORF type:complete len:156 (+),score=36.30,YI74_SCHPO|100.00|2e-111,DUF2868|PF11067.7|0.0013"
CUFF.9.1	transdecoder	mRNA	1	804	.	+	.	ID=CUFF.9.1.p1;Parent=GENE.CUFF.9.1~~CUFF.9.1.p1;Name="ORF type:complete len:156 (+),score=36.30,YI74_SCHPO|100.00|2e-111,DUF2868|PF11067.7|0.0013"
CUFF.9.1	transdecoder	five_prime_UTR	1	172	.	+	.	ID=CUFF.9.1.p1.utr5p1;Parent=CUFF.9.1.p1
CUFF.9.1	transdecoder	exon	1	804	.	+	.	ID=CUFF.9.1.p1.exon1;Parent=CUFF.9.1.p1
CUFF.9.1	transdecoder	CDS	173	640	.	+	0	ID=cds.CUFF.9.1.p1;Parent=CUFF.9.1.p1
CUFF.9.1	transdecoder	three_prime_UTR	641	804	.	+	.	ID=CUFF.9.1.p1.utr3p1;Parent=CUFF.9.1.p1

